yesibili
nayo
n
nasi
la
ijame
khona
izele
iimbuzi
ukutlola
irherho
lamabizo
wabavowudi
elijayelekileko
lelizweloke
ukutlolisa
iinqhema
zepolotiki
iinkomo
zikabamkhulu
zidla
amakhasi
wekhabe
yingakho
zin
zinothile
nje
amehlo
abhoduluka
kuhlokokulu
begodu
awathumele
kunomzana
undala
na
kanye
nakuskho
s
mhlana
amalanga
alikhomba
kukhukhulamungu
e
middelburg
district
yintonyani
engena
emtjekeni
nakukhiwa
utjwala
nofana
yikapho
ngemgqonyini
amanzi
balayelisane
idose
ilori
kaskhosana
asale
umave
solo
aphume
ekuseni
nelanga
emkobola
ungqongqotjhe
wesayensi
netheknoloji
umazibuse
wesewula
afrika
wathi
yena
uzolinga
ukuwuphungula
kodwana
angekhe
awuqede
ngombana
amandlakhe
ngewedlhamedlhu
izakhamuzi
zale
zalendawo
azisahlaliseki
ngu
o
f
u
d
no
a
ngelanga
elilandelako
sakhwela
eembhesini
zethu
emtlolweni
wesifiso
sakhe
sizitjhiyele
ukuthengela
abantwana
ibisi
kumthuse
kwamanikelela
umavela
lokho
ezinye
iinsebenzi
zicabanga
bona
itjhuguluko
yanamhlanje
ibiza
khulu
befuthi
ayinamsebenzi
khulukhulu
kulinywa
imfunde
iimfundafunda
eminengi
yemirorho
njengesipinitjhi
ikhabitjhi
iinkhwende
nokun
asikwazi
singenza
izinto
njengabesanyana
abancani
esiphandeni
sam
se
sama
semadlangeni
kukhona
umukghwa
ebe
ungakalindeleki
kunye
ngci
ngungci
umuda
kuthathu
yikomba
g
r
h
mbala
iwahle
khudlwana
ihliziyo
kamavela
ngineminyaka
emasumi
amane
ngevama
ukuratharathokho
vane
ku
kunqotjhiswe
emuntwini
oligugu
nanyana
osithandwa
sembongi
lilanga
lesibili
kusewula
isindebele
bathatha
iinkotlelo
godu
umntazana
irhabha
likagogo
lawakghuthula
m
msinya
amasi
mizuzu
elitjhumi
nahlanu
ngemva
kobana
kubethe
i
iri
lesihlanu
ngingumuntu
wembaji
ziyifetjheni
iingubo
zesikolo
abazembathako
nazi
zithi
ngiyifetjhe
mathjumi
ominyaka
nakubili
ithi
ingathengiswa
imali
yakhona
ifakwe
kileyo
abekanayo
asaphila
liqatjhazi
kubili
sikhala
amatjhumi
alithoba
nanye
umnyango
wezokulima
silo
sinomdumo
kebakayise
saduma
phakathi
kwamaswahla
wesichotjeni
ese
awa
angikakatjhad
esiyabuswa
ginya
matjhumi
neminyaka
emithathu
b
z
w
okuqakathekileko
kukobana
ngaphakathi
kwevu
kwevumelwano
sikghona
nokuthola
ifanana
mdumo
manje
kumbi
kwetjiwa
lezi
ze
zakwethu
zodwa
kutjho
uhleziphi
sindebele
kuthe
asajamile
yadlula
iteksi
wezwa
arhuwelela
ukholiwe
beku
bekumsana
omunye
abafunda
naye
ngevista
beza
nokudla
okunenyama
ehlanganiswe
namabhodlelo
aphukileko
sengimaratha
ngesimanga
seenkomo
ezimavelede
bafikelwa
kunghala
kwakhona
abazikghonako
singamrhuga
uzosinghwara
isikhumba
kumaliledinini
ilanga
lam
lamabeletho
limhla
zimash
liyishumi
nalinye
kusinyikhaba
emtatweni
wangekhaya
iye
ngitjhadi
indlhela
yokukghwathana
iberegiswa
mumuntu
woke
kum
mngwengweni
okay
yiqanda
bunane
khomba
zintathu
sithandathu
ntathu
yinye
utitjhere
uthi
nakangenako
ubezwe
bahleba
bathi
naso
phela
ingena
leather
plastic
watjhiya
ukholi
angazi
umraro
orara
kangaka
uzawurarululelwa
mra
mrarululi
muphi
amasumi
amathathu
elimatjhumi
amabili
kurhoboyi
isitatestik
sesewula
umal
sindebel
mhlazana
alitjhumi
nekhomba
kukhu
ningatjho
njalo
madoda
uthugwana
usibizile
nathi
ke
sesingenile
em
emrarweni
umntazanyana
lo
ngukhulelaphi
ngewakwamkhwebani
emkgheledzwana
umzukulwanami
nakanje
kwaskhosana
kubovu
kunjani
uzokufuna
be
abakuthole
namhlanje
nakuyokulayitjhwa
kuba
nguye
odosa
phambili
abalele
etjanini
bavuswa
litjhada
likan
namkoneni
zimatjhumi
nabangamazi
akusiyo
umuntu
ohlala
kwandebele
bangamvalela
ngeskhatjhan
lokhu
kungatjho
nama
naphambilini
mhl
ngize
nojanson
isikhala
yiqatjhazi
tjhumi
amamthathu
van
warmelo
transvaal
ndebele
text
ethnological
publication
vol
government
printers
pretoria
thina
nabemizi
eneenkukhu
sabe
sirareka
bonyana
amadzinyani
weenkukhu
abe
aqedwa
yini
wezokuthutha
ubuza
seks
sekusile
unogogwakhe
ngekhwitjhini
barhamula
itiye
nasthandath
afise
ngathana
nendlela
eya
emadlangeni
iyalala
kubuyelwe
go
yosale
wena
umasango
ngokurabhela
jama
mswekhethu
khekuphele
inyanga
le
sibone
abafundi
bangakhuthazwa
bazijayeze
ukukhuluma
babuze
nehlathululo
naba
bangazwisisi
k
j
aphethe
ngokuthi
nakukube
umarikiriki
utitjherehloko
wemavukabesala
uyalayelisa
kelinye
iplasi
sibona
izinja
zigijimisa
umqasa
muntu
bathaba
unina
nakafika
nesiquthulu
athi
sinokudla
okumnandi
nginamatjhumi
nesithandathu
uyindoda
ezwana
namahlaya
akumvimbi
anqophe
iqiniso
yindlondlo
bayitjhiye
eyabhala
kwabamhlophe
yabhal
yabhale
eentabeni
zakososinodolo
mhla
kungujimsoni
ngqi
ngalilisa
ipalapala
ibutho
leembiliga
lizakwizwa
umphako
awusadliwa
mntwana
ngafika
emciphepheni
wetlasi
yethu
ngavala
ngathanda
siyabus
uzokurareka
nakezwa
lendaba
unamtshweni
emudeni
wesibili
sithola
izenzukuthi
ezigandelela
uku
uwa
kwebhesi
ethwele
abantu
asabhambalele
um
ezwe
ngetjhada
lomdumo
welori
umfundi
angazithola
ang
angazitholela
ilwazi
elidephileko
kuskhosana
elayibrari
yeyunivesithi
yepitori
ngalesisihlokwana
ngimumuntu
liqanda
kukhomba
nakune
ngayibona
selilinganise
ngom
ngomntanthu
usuhla
sewawisa
ubu
ubujadujadu
amanaba
sawawisa
liqatjhaza
mumuda
likhulu
namasumi
nantathu
nomunye
umsipha
uhlangana
norwamurwamu
oku
ekuthiwa
yi
artytenoid
ngizokufunda
lesine
kurhayil
yiqatjhaza
yithoba
zihlanu
zimbili
thandathu
elangeni
lokuthoma
kumhlolanja
enyakeni
oyikulungwana
namakhulu
nalitjhumi
asithandathu
nanthathu
nangisuka
lapho
ungise
ngeplasini
lapha
kuneenkomo
bese
uyangibuyisa
nakasithathu
kun
kuntaka
umnqopho
walesisigaba
kuhlanganisa
nokunabisa
ilimi
nefundo
masuma
masumi
nabunane
ngicabanga
njengobana
sikhamba
uzokuhlalaphi
liqatjhazo
ephezulu
eba
ebezwana
khebayilindele
iphele
sekade
yaphela
wengubo
ingani
besele
balambile
bathom
me
bathomile
ukudobha
ukudobhadobha
okukghatjiswa
ngakho
etafuleni
zikamkhulu
nakacoca
ngamahl
ngomahluko
okhona
hlangana
nenovela
nendatjana
kufanele
akghone
nokunikela
iimbonelo
groblersdal
amadoda
agijimisana
neenkomo
nezimvu
ebuwaneni
qanda
hlanu
sikhombisa
kunane
ugubudu
nekghuru
bahlezi
ngaphasi
komuthi
bayacoca
bayaphikisana
ba
bebayaphoqana
lithe
nalithi
phatjha
wangena
indlela
ebhu
ebhundu
amapholisa
wekhethu
adlange
nokubaleka
kwazo
bekungathi
ziyazi
ikoloyi
yinto
ekungazange
khezilayitjhwe
kiyo
udadwabo
lomsanyana
loyo
wanikela
umntwana
amkhulisele
indodakazi
yabo
nokunye
ematjhumi
siyabuswa
sindeben
ngaphandle
kokumotjha
isikhathi
asikime
aye
ngekamurini
abuye
sele
iphepha
lemiphumela
angikatjhadi
yikhulu
namatjhumi
nakuhla
nazo
ngiyifetjheni
ipulasi
ngokubanjwa
kwezinye
iimfiso
zabantu
abahlakanipha
njengendoda
yakwakho
ubongwe
ngahluleka
imizuzu
lokutho
kuzwakale
kwelori
ziguruza
ziguguruza
isa
isitatimende
sekharikhyulamu
asi
asiyekelezeni
lesizweloke
segreyidi
siqo
sinqophe
ukuqinisela
ikharikhyulamu
iminyaka
eli
emihlanu
ngingamazi
udanile
kathobi
kaxoli
kamxoli
okulunga
mkhulu
kuhlanu
lesikhombisa
nakhomba
itjho
bekuthi
puke
intuthu
inga
kubaswe
imbawula
nambili
zafika
imithwadlana
ngemilomo
yazo
kilelo
lifa
kufuze
kube
nenani
elithileko
ekufuze
sikulethele
lona
njengomkakhe
ngebhun
esithlagwa
ukumthola
kwakho
ungamthola
ngepelaveke
kwaphela
uthe
nakathi
mehlo
suka
wabona
umalusi
sekadidi
sekandilizile
phasi
aphuma
igwebu
ngomlomo
nangeempumulo
weendaba
zebhoduluko
nokuvakatjha
afrik
zirhaywa
ngunanyana
ngubani
womndeni
kungaba
ngugogo
ubamkhulu
ngihlala
edorobheni
lepitor
ayibone
ipahla
yendoda
yakwakhe
kweenlori
ikhamba
ofisi
yemmabatho
izama
ngamandla
yenzele
ebasizako
imisebenzi
engcono
yokutholakala
kwayo
wayibeka
yaba
nema
nemibandela
ethile
ethileko
bayathombisa
bayalobola
benza
yoke
into
efuna
ikomo
izolokha
wawungeze
watjho
omkhulu
uyarhapha
wezokuvikela
afri
dorobheni
lesithathu
kokobana
letjhumi
nane
zama
ukufaka
ezithinta
ilizwe
loke
njengokuba
njengobuqhaka
nobugebengu
umuzi
kamasango
akawazi
am
mathathu
nangambala
ayithathe
athokoze
kuvusi
bahlukane
baragele
nekhambo
labo
abokholiwe
ukhamba
ngehliziyo
uthandaza
amthole
asekhaya
uskhosana
witbank
v
nakukhambe
kuhle
neenkulungwana
ezingehla
kwamatjhumi
singazenza
ngidle
sengiyijamise
njengentethe
ecabazini
t
l
lize
zikhomba
kune
yabhala
sizowafaka
kizo
zoke
iintolo
zala
besiye
nakwezinye
iindawo
mbili
yitjhumi
singawumorosa
sosudu
sinekani
ebhudwini
sigagawuroba
sosuthu
nawamatjhumi
iimfene
zakhamba
zathi
ziya
ziyokududa
ngemlanjeni
abize
umsana
omkhudlwana
ngetlasini
ayokuqala
uthabi
endlwaneni
iinkomezo
zisale
ngokwentando
kababa
ubong
sekadindilizile
nathathu
kusihlaba
ntanga
ngezinye
nesiphumuzo
lithoba
nom
mrhwamu
nomramurwamu
ekhuweni
et
eteyi
ugogo
weqela
ngendleleni
umfazi
wajabula
athole
umntwanakhe
izokutholakala
ngokobana
esikolweni
zamanzi
namahlathi
lendawo
akiyo
imu
imik
imikarisomraro
ngendlela
ye
yenganyelwe
mimithikazi
emide
yathi
utunwana
ugethwe
ngetshilani
ngobanyana
khawatjele
ngomhlangano
isib
sesalithi
motsu
ikhowe
esidulini
satjhinga
ekhaya
ungethwe
ngomhlangan
atjho
kuncono
bayomtjhiya
kwamzawakhe
usoliseni
owakhe
ayuyele
ngendlini
bekahlezi
khon
neqatjhaza
nomuda
nekhulu
namatjhumama
netjhumi
naliphakamako
wabe
ayingena
imizi
yangebhundu
sitjheje
isiko
lihlangana
njani
nomdlalo
uthini
ngeentamo
ezimlukuluku
neenyawo
ezimakghwakghwa
kanga
kubonakale
kancani
nokho
emehlweni
nebusweni
bakanamtshweni
zilinga
ukuvuthwa
iinkophe
iinkobe
thala
kwamhlan
umtwan
umntwanami
omele
alotjolwe
ngomgqibelo
nangu
sewuyagula
lingomhlazana
zibunane
li
lethoba
ngikhuluma
ngabelethelwa
verina
endaweni
bronkhortspruit
vele
kufuzile
siwuhloniphe
umthetho
nesiko
lalapha
kwabongwe
ngesiyabuswa
lilize
likhomba
ngejikeni
nebhareni
bekuthuthumba
ibange
ethunzaneni
eduze
nepa
wemisebenzi
yomphakathi
nokuphatha
nawuzikhohlisa
uwedwa
ungabe
ujuguja
ukha
akhange
akhe
agadange
bavuke
bakhukhuthe
bebayokungena
ngerubhini
eliseqadi
kwamazindla
uyabona
nangazi
ngazi
eplasini
angeze
ngaba
nomraro
sikhozi
nawubonako
malini
esizoyenza
ngalezi
esele
zikhona
thatha
ngeyesibili
ipama
ubadanile
amsunduze
wa
wabaphunyurha
uzakufika
isikhukhukazi
sikakholiwe
safukama
saphandlusela
boke
bekh
bekhakwakhe
wabaqotjha
njengamu
njengamkhana
aqotjha
umrharibakhe
ngaphambi
kokubana
lobunane
baduduzana
naliya
selikhulumisana
nabesana
ngeenkomo
iphiko
lesipholisa
banganelise
banganeliseka
ngehlathululo
kadladla
ugotjiwe
abawe
isiphande
kumaliledini
emva
kwalokho
sezwakala
isilukazi
sikhuluma
ngelizwi
elipholileko
sithi
mntazana
nanti
irhabh
bangangena
kuhlalwe
kuthome
imibuzo
iimpendulo
libe
kubethile
intangana
abososayensi
benze
irhubhululo
ekarisako
ngamathuthumbo
webusika
khange
awakholwe
amehlwakhe
nasele
ayokufika
umavel
bakhuluma
abonamtshweni
banonatlharini
abanye
abazokuhlola
babuzana
kanti
kwenzanjani
bili
thathu
line
ngantambama
abanganaba
babe
bafihla
amalembabo
efukufukwini
yotjani
wangibawa
sihlukane
bewagandelela
kwamambala
ngifike
mhlanokho
ngizoziveza
ekhabo
ngakutjho
ezing
ez
ukuwa
ubuthakgha
bomlomo
obulikghono
lelimi
buhlukaniseka
iingatjana
ezintathu
izaga
in
izitjho
neenrarejo
manjes
kwemi
ukungathembi
kuhleziphi
banomrharibakhe
uno
unakabini
esibuyekeziweko
selizweloke
ekuqiniseni
baya
ngetlhagwini
ngombanyana
kunezibuko
elikhulu
kwe
kweyama
iingulani
zikazomba
wavuka
warurela
umdoko
wadla
wakhamba
p
yafike
yaqondama
esiginindeni
ngesinceleni
sikazomba
ngal
mpumalang
lelimu
neenrajelo
nen
mta
mntaza
wombuso
weemfunda
namakhaya
baqede
ukuwufuza
namasenkana
wakhona
sebawalayitjhile
kwabe
selenyukile
yakwamgidi
yasukela
ekhayapha
iya
erholweni
esa
kuvelabahlinze
nazibuya
ukuyokuthenga
amaf
amafutha
iintombi
ezihlanu
zafunyana
umyeni
uvaliwe
wo
mthala
nebhara
ibhange
nepata
kukuthi
inrhwa
irhwanda
irhwanqa
leemfunda
laziwa
lisebenza
ehotela
ephambili
yipitori
abayibone
colt
iphihlikile
iwele
ngedongeni
udade
wakhambela
futhi
ekwendeni
kwandebe
sizazithola
nesela
lakhona
ziqabanga
itjhu
ya
yanamhlanjesi
zakilendawo
wezemisebenzi
usosikhwama
welizwe
ngumhla
wesumi
kumrhayili
ngey
eje
emjekeni
endleleni
ngazibuza
malunga
malungana
nokubizwa
kwami
ngekosini
kodwa
nga
ngangayithola
ipendu
ungomunye
obahlaza
nangabe
anqophene
umthatha
ngesincele
kusekuseni
lesithandathu
q
nguna
kunobayeni
batjho
wenziwa
kukhamba
nokunganisana
nabantwana
beenhloko
ezitjhisako
ezingakavuthwa
edrakansteni
hendrina
ngukhulelwaphi
wakwamkhwebani
nakanjena
wezokuhlalisa
nokuthuthukisa
komthetho
sisekela
khonapho
kuzaba
nekamero
lokuhlange
lokuhlambela
umzimba
asararekile
ilizwi
kwakhe
limkhahlameza
embethe
abophele
irogweli
wezokusebenza
indawo
engabethelwa
nigel
babamkhulu
imvelo
itjhejwe
ivikelwe
thoma
imini
bekaqhaqhana
nedarada
yejare
yejarida
lakhe
kubunane
atjhayela
ngayo
kubona
ihliziywakhe
ayikho
abasi
bheni
epitori
olandelako
womtjhado
kungavukwa
kwamnguni
kwalungiswa
ibhrakufesi
kwadliwa
wafakela
ugiji
umoya
wokumga
ngokumgandelela
alise
agandelele
emzimbeni
kagiji
angakatjhadi
zilindele
ipungutjha
ezako
inyamazana
akekho
ongahl
ong
ongahlu
ongahluthulelwa
nalapho
nepahla
engeyakhe
ecabazi
wemba
wengu
khuluma
kwamhlanga
isitjhebo
singekho
bayazama
bamkhanzingele
amaqanda
ukudla
mhlaku
kufe
zine
kusaba
ebulalisa
ubeke
isilevana
yipongwana
ngugalajana
mtato
maliledinini
oyikulungwane
abunane
amaqutjana
wehlabathi
yefukwana
wona
kghani
ngabe
ini
imithetho
esahlongozwako
engaphandle
kwetjheduli
amanese
awuvalile
umbhede
alindele
udorhodere
bezwa
aphefumula
uzondani
uyokubona
nawusala
uzokukghona
nokulalela
uvunguzela
ngaphi
nabantu
bekerege
nabo
babona
kukhulu
okucatjangwa
nguzondi
bamlisa
anjalo
kokhunye
lidla
iintanga
zomgade
umratha
uburotho
isiphila
ko
iqi
angikatjhad
akamazi
uzazilila
esikolwe
amahlanu
incwadi
beroma
ifundwe
ngimi
qhegu
ngiyabona
nguwe
owazi
indaba
sikuvalele
kancazana
kutjhirhwe
ahlomileko
emlandweni
wobundebele
ngi
ngibuz
ngibuzobelethwa
kwanqothuka
iinhluthu
ehloko
namzwezi
ngilibona
neenlwalweni
itjhudu
lami
kuyatjho
usonyosi
uyavuma
usibizele
ikulungwana
nayiyinye
isndebe
nakuyinja
ezuma
ngokunukelela
umtlhala
ube
semtlhaleni
angithi
ungigalaje
waqeda
ngomukhwakho
werhawuda
utjho
isigodo
sakosigodo
kwabamhlo
zakoso
mhlakungujimsoni
sengihlala
kameelrivier
yisikhala
nak
naku
nathoba
bathome
ukugijima
nommango
bavimbana
bayamhleka
umdlali
odlala
aduleke
phas
tatweni
enyangeni
kamrhayili
ngilokhu
esikwaziko
uyakghona
ukulalela
imilayo
iimemezelo
nokuphendula
ngemfa
ngemfanelo
kuthandathu
qalani
izulu
liyeza
ngipheni
umazilayele
ngivike
zami
ukuphumula
kwenqondo
wezobuciko
namasiko
ung
ungqi
ungci
bam
ngamaqanda
nginamasumi
bamazi
ayokufuna
umsebenzi
ngepitori
uzaku
uzokulinga
akanama
akanamandlakhe
alisumi
aleke
ngamalanga
ngizakubedlha
ngawo
iintonga
ezihle
umkami
azirubele
ngomncamo
iindunwezi
siyozithengisa
qatjhaza
ngabelethwa
namathathu
emnyakeni
weenkulungwana
ezilisumi
nethoba
nekam
mpa
leyo
eneenkomo
akayazi
ngajama
ngezwa
umalume
ngingathuki
koke
kujame
ngamananeko
ikondlo
yesihloko
esithi
etlolwe
ngumnguni
ummoya
wobukrestu
amagama
kamvenselwa
amhlabe
umabinzana
sekuthwase
sebele
iyokuphela
esiyabusw
y
nin
yu
kuza
neka
ne
nendlwana
yokuhlambela
nakanjalo
akakayiqedi
ivunulo
yakhe
nemi
nemiqwebo
azokwazi
ukumtjela
akadlalelwa
karhoboyi
nange
bakudzwebula
ungahlali
namibili
ungayiqeda
nalaphaya
kubonakala
beqayeqa
bathatjiswe
bubuhle
behlo
uyazitjela
uzakukhamba
abuza
angabona
alithole
litlolwe
ngamaledere
anzima
nabovu
amakhu
sekadingizela
sekadingiz
zile
elitho
weminya
nemali
qatjhazi
wezokurhwebelana
namabubulo
ngem
ngeembhesini
okubarara
lelibhadi
lisahlele
munye
kamufi
ukhomba
umberego
wokufundisa
ngewabotitjhere
yajama
phambi
yamqala
ngamehlokazi
abovu
angaphasi
kwamagobh
ifahle
yabalekela
emzini
kamtshweni
eentandeni
ezitjha
ngizakuqonda
kho
ngizama
ngiza
ngizazomnikela
ukuphila
lemi
leembilinga
liza
ukube
beyetjelwa
imizana
yanga
ngangingatjho
uzak
institjuti
yezokuthuthukiswa
kwezokuphatha
esewula
ngisafuna
ukuyokufuna
iresiphi
yamajinja
bhasketi
kuthandeka
wakwamdluli
waterval
boven
aqedile
udladla
umntwanam
ingqondwakhe
seyicabanga
ngokubotjhwa
angakenzi
litho
abahlakaniph
kumgwengweni
osithwandwa
sezilala
zingakalali
zigadane
nalomhlolo
wokulahlekelwa
yifuyo
umazi
ngitjhadile
selafikile
utsotsi
alithatha
atjelwe
ngomhlanga
bronkoorspruit
khebayo
khebayilinde
kusukela
emini
yekuseni
abomavela
bagijimisane
kwaba
kwamadina
kuntathu
nanje
ngisatjho
banesibindi
wemabu
wema
wemavuka
besala
uyala
nem
nomnyaka
elithoba
nasithandathu
weminyaka
ohlanza
obahlanza
wokusebenze
wokusebenza
emphakathini
alibone
amakhulu
asuma
alihlanu
bakhona
kubayini
abogogo
nabobamkhulu
usompere
bangangirhawukeli
eyi
ebunane
nangabukufa
kudinwa
kwehliziyo
namkha
kulahlekelwa
mzimba
omuhle
ukulahlekelwa
mcabango
sezilalalala
wokuhlekelwa
yifu
wabesele
yebhundu
nathandathu
ngangiyatjho
ng
kumhla
nam
bengingeze
ngafuduka
esoshanguve
ngilise
amatorhwana
ebengikiwo
ngingasilo
izibulo
lakababa
zilala
zigadene
nalomhlobo
lesumi
linye
nethob
kutjhirhweni
yafika
yokugwa
yoku
wonke
ngesiyabus
ngeqiniso
sathola
gu
ngiqinisile
kunzima
tshu
wami
wengub
wezokuphepha
nokuvikeleka
umpha
webubulo
lelo
wapha
umgodlana
weswigiri
neveni
ifukamela
iinkukhu
okubuye
kusize
akhambe
ngiwo
amatjhila
layo
uhlung
ati
atit
elinamatjhumi
abakwazi
ukukhamba
esingaka
bangasabuyi
bazomhlola
ukulande
ngefanelo
kobanyana
onyakeni
oyinkulungwana
ayithoba
ayisithandathu
kuna
isifiso
sakababa
ifuyo
iyokuthengiswa
we
ngathandaza
singamane
simbawele
indawana
yokufihla
ihloko
ngale
ngemkobola
nge
marble
hall
abazi
ukobana
selakade
awuthola
wokuthutha
isibaya
sakayise
asise
njengabase
abanqan
okukghan
okukghantjhiswa
abagcina
bavumelana
khebajame
ngokuyokuthutha
indebele
ebhosa
imithwa
kamel
rivier
alo
kungasaveli
noyedwa
azongihlangabeza
qala
nomlenze
nakhu
kuyaqaqamba
lirhurhule
ihlabathi
edibizese
iimbontjisi
leza
unyaka
athobako
eleke
ngeminyaka
amakhomba
eembili
kakumalanga
akhombako
nakuku
uyalayeli
bayokungena
njengom
njengomuntu
ogade
azumela
lokha
nezwa
umbiko
angakhambi
angakambathi
nakuhle
skhosana
foreign
inter
interference
the
sound
grammatical
and
lex
lexical
system
of
southern
ngumazo
anginikela
ukuphil
ngifunde
ukwazi
njengekutani
kwenya
wezokuhlinzekelwa
ngezindlu
kwevulamlomo
kwevum
texts
sindebe
ikamero
belinqophene
neyege
wavele
wadosa
irharideni
walunguza
angamazi
uhlalaphi
ngumasango
zetjiwe
kusarara
ngibelethelwe
middelbu
ndebel
lesisibawo
esenziwa
emhlanganweni
owawu
banje
obawu
owawubanjwe
esibhedlela
philadelphia
dennilton
ngomhlaka
julayi
yamapholisa
yokuthoma
seyilayitjhe
izimv
malanga
ukuthintanisa
kombuso
iimpisi
ezine
zako
zayokubhaqa
ngehlathini
kutjengisa
ikulumo
yomuntu
ongasekho
aniyithatheli
nguskhosana
usendleleni
selalahleka
inombala
onzima
osarulani
ohlaza
omhlophe
obomvu
obukhalimako
nohlaza
mpumalanga
interferences
ngalokho
ngibuhlungu
sengiza
seko
sekonakele
sihlanu
kubi
izimvu
yisindebele
wangibiza
njengomntazanyana
weenketo
nenqathu
epitor
iinrarejo
ezifitjhani
ziphendulwa
ngegama
elilodwa
elinye
umqas
kam
mkhu
mina
idarada
nekabi
ingenzeni
ngebhundu
ukwakhiwa
kwawo
nasakha
imi
amabizo
wento
asuselwa
ezenzweni
sihlomelela
izi
isithomo
sebizo
esiqwini
sesenzo
nobunane
amadrojana
wemakhaya
akazizalisi
iintlhogeko
abakhe
enarheni
akhiwe
amadrobha
umzukulwana
yacimeza
yabuyela
yavula
sitjhaba
sikandzundza
nomanala
nomrharibakhe
ethono
eth
volume
ngathi
iyay
yelwe
engamasumi
nakumalanga
ngiwesatjiswa
kutjhugulukela
unomzoyi
ahl
ahlwa
aditjha
nawe
ubusuku
nemini
gadesi
akajayeli
ezimbili
esizitjhiyileko
ezinamakonyana
babhu
abalalele
likanamkoneni
walu
sthanda
ziyisumi
katjhirhweni
isipila
setonini
asikarisi
ngama
qalisisa
umazilayela
kwenqond
ngisazibuza
ngaqalisisa
emthini
esiwukhombako
nakamabili
kusihlabantangana
ukubamba
iinkulumiswano
nokutlikitla
iimvumelwano
zam
zamazwe
kusu
kusemahlombe
wekhambi
wekha
wekhabinethe
bay
ngeze
kunezibulo
isigaba
somthetho
wokudlulisa
umbuso
wen
wendawo
saw
sasulwa
kwaka
apreli
ungiga
ungigalaja
sakosi
nan
nokune
uyilayelwa
matjhila
jika
khamba
nomntanthu
wobuciko
umazibusele
ngizokusebenzela
yona
ngesineke
lento
ukumthuma
kwakanamasilela
evikilini
ahlangane
nabomma
bambethe
ijinifomu
basiya
emthandazwe
naka
eliqophileko
lekhomba
amhlobo
bani
wamabizo
siwatlhadlhula
ngeengcezu
ngazo
lesitha
aseduze
nezala
izuba
lilila
kukuseni
wezemidlalo
nokuzithabisa
njemang
njengamakhwana
esikhuweni
akusathokozwa
kherige
bathokoze
nginomnyaka
olisumi
obunane
ngithokozelamak
makeso
wahlomileko
ngibuzo
thu
uma
sawu
sawusulwa
akakho
noma
imadlana
ebekade
beyiyincani
umlilo
bewuphenjwa
nepoto
beyiya
eziko
ngokukhamba
kwesikhathi
bathoma
ukufuya
iinlwana
ngingazi
kathobile
lokihlam
lama
lakamavela
kuthi
qhifi
ehliziyweni
kamogotjiwe
ngithenjiswe
eziqakathekileko
likamavela
kagot
abazikghona
iin
ubulawuli
beenghonghoyilo
ezizijameleko
boksburg
ngabesele
ngingenwa
livalo
ikosi
izangiqotha
ngingokwamu
ngingowamandzundza
yilanga
kusezamokuhle
section
indoda
yakwami
ngufelani
ayababa
bakha
wabo
epompini
nguzinyo
leempande
nelikamfowabo
ngoba
laba
neempande
nelikasontonga
zisayokududa
sekadi
dindilizele
uyabo
nang
enda
langesiyabus
yaberoma
balinga
amandla
alale
adlile
selakad
awu
iinko
namhlanjesi
uqotjhiwe
uqotjhe
wokuphela
ebantwaneni
bakonomzana
wakwakhe
un
ebuhlungu
ngakuphi
nay
nayinye
nesihlanu
abesanabo
babajayele
ukwemba
abosodlhamedzwana
emigodini
babathole
wangekha
bangas
itjhumi
anamasumi
kantaka
ingathengisa
yakho
imal
ebekanayo
wezamaphilo
kunezibuz
behlobo
eliph
wesitjho
wesitjhotjheni
ukutjhayela
kweempepha
zokutjhayela
ukukweqa
ukweqa
amarobodo
nokutjhayela
aburhicwa
kubeke
phezulu
wenzelele
nosemnyameni
abone
akhanyiselwe
walunguz
emkobo
umphathi
amasu
nakundrathu
dinini
neqa
neqathula
ngokuba
neendlebe
ezibukhali
nokulinga
ukulandela
bafikile
abodladla
nantandathu
bayijhi
bayom
uso
lingomhlaka
yesewula
sengibuhlungu
konakele
ubo
nakwana
kwa
ahlangene
emthandazweni
zenu
sizitjhiye
ukuze
ukusengela
abantwa
bakhe
bronghoro
nginga
nebonane
ho
liqhatjhazi
obukhalim
saf
samafu
ngok
emthambothini
weltevrede
zitjho
iinlori
buvuruvuru
ngibelethwe
ngonyaka
wekulungwana
naa
yisikhombisa
nabafuna
ukutjho
banokusabanyana
bazibambe
uburhiqwa
oh
kuvu
kwenzanja
bakhukhutha
bekuyo
bekube
bebeyongena
kwakamasilela
ikhala
ngokuthoma
kokwanda
kwamapholisa
kwenza
banoskhosana
bakhawule
ukuthutha
ing
ingatjana
eqinisweni
awukahluki
eliveni
olihlawulelako
lithi
lingakhula
likuhlabe
umzuzwana
lowo
yatlhoga
umgodi
wokusithela
elikarisako
okukghatjswa
kumhlolonja
komati
sithandath
kwaziwa
nomasango
izehlakalo
zikhambelane
zakhe
ummongondaba
owodwa
eku
ekungiwo
osifundo
umlayezo
womtloli
wak
akatshwenyi
kokuyaphi
delmasi
njenge
iinkhwede
mahlazana
nathobako
kanobayeni
namabili
uzokuhlala
lingezwa
umnakwabo
uthumbile
emdlalweni
wamaguduva
leqela
isokana
langekosini
lezemfundo
yipito
mabili
sekonake
minyaka
uzakwazi
ukungitjela
akahl
nalikhulako
emntwant
emntatweni
asitutwana
bangakudwebula
tantweni
sesibili
esiyabu
selenyuke
kangangani
lembiliga
likaku
wezokwenjiwa
namandla
ukufuza
isiphakamiso
leso
samukelwa
ngokomthetho
yihlangano
yeenhlangano
za
zababeregi
ngesewula
ngojulayi
wezokusebenzi
lomraro
siwubona
uphethwe
emsebenzini
kusebenza
usibungusehlok
singamurhuga
lasesiyabuswa
ngungqi
mzukwana
johannesburg
unelemuko
umzakhe
usebhundu
emalangeni
ukus
owethulelwa
ohlangana
nonamgidi
nontuli
okutjho
baklarela
batlarhela
kuye
bobabili
lizwiwa
awuhlali
akusuye
bangam
bangamvelela
ngesikhatjhana
kuliqiniso
kuzabe
lobuhlanu
limhlana
namalanga
kakhukhulamungu
ozinkulungwana
abasabonakali
akazi
namunye
wakhe
ukuphi
sithanda
idzila
yayizele
imilenze
iphethwe
ngemi
ngemiqwana
yekhopha
nangaphezulu
wangekhay
twe
tweefontein
umph
asithadathu
yatha
kwazala
iinyembezi
ngemehlweni
ubupente
ngaphezulu
nangaphasi
ngokumhlophe
ekuthomeni
umbala
weflarha
usarulani
une
sikhomba
kukhulunywa
umakghwayeja
selaqabanga
nokuk
nokukhamba
ngeru
ngeraso
kumporofi
emporofidini
ayo
ayoyilungisa
abanga
abanganabo
bafi
bafihle
efuku
efuk
kukwini
sing
njengaba
abanqa
ngezi
yakwabongwe
abasa
nemiqwe
ngesiphandeni
sange
kukhukhumba
ilimu
yisindebe
es
selalahleki
liqhatjhaza
kubuli
tjhuminahlan
tjhum
nasikhombisa
kuy
uzakuphungwa
njengepukani
yehlobo
uzakuthi
ungena
ngaph
ngapha
heyi
yeke
singezwa
imikukurumbu
ifi
ifika
siyavuka
iiintolo
ebodeni
isithombe
esinabantu
abambeswe
iimphuraphura
abo
nokuthuthukiswa
komthethosisekelo
abuyele
lisihlanu
endlwanin
ekangala
zi
zisithandathu
wabuyela
emuva
umsongelwa
wayo
wayofuna
ilithi
walithola
watlhorhoroja
uzakurarululwa
kabela
tswela
emagomedzwana
isingeniso
kileyondinyana
sizokubamba
sobuthakgha
obucocwako
emhluzi
yami
angatjhad
ngingowako
ahlanze
osele
wetswayi
nesiwatjho
nakunye
wezefundo
barham
iminyango
yefundo
yamaphrovinsi
ngiyo
enikela
iinhloko
zaleyo
mitlolo
izolo
athengisa
ngalanga
ngingowakwanzunza
ermelo
bebayokuphoqan
ungathi
kusasa
rathu
uzongithatha
ngiyokubona
uhlala
isivumelwano
unemisebenzi
okumele
ayenze
njengesakhamuzi
okungiyo
ezagcwalisa
ubuntu
eziqakatheke
ezitjho
ubunya
ubujamo
datjhalala
genu
ra
rabhalala
simthole
ahlezi
datjalala
ngobuvila
umkgheledzwana
alokhu
ajamile
awakhuphe
ngesikhumbeni
athuke
nakabona
umdzidlha
uza
phezu
kwak
lawa
kumnyango
umasibu
umasibuse
ngahlule
ngehlabathini
ezi
iinyamazana
uphatheke
bamnikela
unontjhibila
ngakuye
ngikho
obekumenza
afune
imizabo
uyayazi
ngingumundu
abosomodere
bagugudlhele
iinlodlhelo
ngezandla
bafuna
ukubalekela
eemodereni
zabo
ump
njengomfundi
musa
ukuthatha
isifundo
sefonetiki
njengesifundo
esiyitsitsirimba
yomraro
ben
benghonghoyilo
esithandathu
isikolo
zirhay
zirhwaywa
ili
ela
ngalesisirh
hlokwana
izuma
gokunukelela
semth
semtha
njesi
yilize
nakube
ma
wemavukabu
besana
uyal
lamatjhumi
emane
namithathu
ngemq
ogqonyini
aman
nenza
uyavu
bayazana
esibuyeki
bathwele
wesithathu
umthwalo
weenkomo
enge
lemb
amrhuwelela
ngevi
vista
si
litjhumi
lisemalangeni
kamhlolanja
nangaba
namakhuluku
namkhukulahlekelwa
mcaba
uyak
ngas
ngabesel
ngiqabanga
ses
satjhidela
isinanja
sikamhlawulani
mhlawula
mhlawulwana
sayisunduza
ipi
ka
komphakathi
navane
kwenzekile
ngithole
mbadlwana
yeenkomo
efandesini
ngikghona
ukuzisa
sikababa
kamngwengweni
alit
thob
nesithandath
ukula
interferencing
anu
umye
zafumana
ava
ozakwenziwa
isigcila
abotjhelelwe
emberegweni
akatelelwe
kumalile
edini
ezingakavuth
nantha
utitjherethu
utlwebhe
lomlilo
umcithi
amaphepha
ungow
ngaphaka
iyamudla
ezintweni
pheze
zazibambisana
iinunwana
abelethelwa
ngaphambikobana
nginombono
woku
wokobana
singaze
silinge
siyokufika
ind
amalangana
kuphendula
sakosigodwes
ngemlanje
zangaphandle
zakososo
sinodolo
uq
uqotjh
bako
bakanomzana
likuthoma
kukhukhula
mung
nakuskhosana
sebawalayitjhela
sewabalayitjha
emine
alok
owakhuphe
springs
angikatjha
uphathene
upha
uphake
usibunu
usibungusehloko
umnyaka
yikulungwana
yanqo
okuqakatheki
okuqakileko
awaqeda
awaqede
khube
buhlak
buhlukaniswe
iingajana
bronkhorspruit
samtho
bezingeze
namatorhwana
zik
zikabamkh
yinga
zinonile
esifundeni
khunye
lisahle
emnqi
emqipheni
emqiphepheni
as
langesiyabuswa
ephikisanako
ukungakhambisani
nomthetho
wenarha
newephrovinsi
yekopha
is
iko
wezokuhlakanipha
lesithandath
kanamtshweni
yabuye
ali
thathe
aliqalaqale
maye
lisaqinile
epompi
nokungan
nokunganisani
naliphumako
wabeseka
yehlangano
amana
ngum
njengo
bewagade
ekhab
bahleka
angakatjhad
ib
ethu
kuhlo
midrand
uhlezi
bon
bonamrharibakhe
licatjhaza
zezwa
abophe
ama
sichotjeni
ebronghoro
wokuzisebenza
umaliledinini
elizijameleko
iinqhembu
amo
senziwa
ngingonjani
engizothathelwa
isiqunto
ngempilo
langekos
esikhuluma
sekwezwakala
irhaba
ubamkhu
yafese
yahlala
esitulweni
sayo
ningarareki
ngizazikhulumela
walesigaba
kuhlangan
noku
nefund
ekosini
kukulahlekelwa
mcaban
engamatjhumi
ano
lizokuzwisisa
mntwa
wobusi
kwadlawulale
liselangeni
ngomhlolanja
yisithandathu
nesithanda
ngangiyatjh
engeman
ongazithathe
engizoz
iinqunto
ngepilo
mntwe
nginikele
ngifunduk
ngifundukwazi
ngikhethe
imigomudlha
avula
ibhaga
yelori
likhom
kurhala
bazikghonako
emitha
sumi
olandela
ngasebe
ngingenwe
ngizowa
ngingowamanzunza
ngamaled
nabemizini
isaga
ngumuntu
anga
tjhadi
nes
lakwandebele
kulikhom
ngesikoni
lamasumi
nomrwamurwamu
atli
yino
bengi
ngilis
iphihli
iwe
kazi
yisndebe
eta
efukwini
zinone
madod
yamaphoyi
kunta
nangempumu
imigo
okiyo
yeng
isibonelo
selikhu
uk
kanqazan
angaz
angazanelisa
wenza
abeze
ebeze
ngokuyelela
angabonwa
kileli
okufuze
sikuthulele
buvuruvu
umgodla
ngisabuza
singamrhug
wobukrest
wayokufuna
lokutha
lokuthola
kormkrans
ngase
litjhumina
leemfundo
kuskhu
kilo
asitjhide
sijamele
kude
ingwemabala
bala
ayikhambi
yodwan
ngamane
bajaji
bajatjuliswe
kokumu
kokumo
kulu
bangakuth
bangakutha
babuzwe
athok
bah
aba
esiyabus
lesikhombi
kumongameli
lez
lezefihlo
lesewula
nanhlanu
nekampa
ubumongameli
kromdraai
usong
di
umakgh
selacabanga
neraso
umporofidi
emehlwenami
il
ozimele
wathe
angambatha
selikade
koba
wezokuthukiza
kwezoku
kwezokuhlalisana
ayitjhumi
ekulungwaneni
ekhulwini
abunan
eziqakatheki
kwamamba
ebizwa
imiza
bekumsan
embathe
noskhosana
ngumuda
kumaliledinin
uzibetha
isifuba
imilandu
uzoyivuma
awavalile
bezwe
ngebhetali
nepat
ungam
uthatha
ngesi
ndebe
emaplasini
waka
marete
ebezwen
ubeka
mdana
nesumi
mtatweni
lisela
ngani
ngingowakwama
neselela
sithathu
linane
akakajayelani
ngimintu
mhlaka
ngomhla
wetjhumi
ngo
ngomhlawetjhumi
kamgwengweni
wekulungwane
nonyaka
kufuzeke
zakha
ummongo
ndaba
okungiwo
nyanana
yabaleka
wokuthoma
ukuwuf
sebawal
sebalayitjhile
bayise
bayiya
emabuyeni
ekapa
nami
ungayiqe
nabisa
abazazi
umazibu
kwamadin
lilinye
mhlanzana
kheziyal
gqi
nesikhala
kumalila
edinini
kusinyikha
umazise
kuko
kilelolifa
os
wembaj
imidlalo
ebikade
watlho
isindebe
kusinya
kusinyikhab
ohla
zangaphakathi
ngizakunqo
ngima
nginazo
elisumi
neenko
isihlahlesi
sabulawa
ziimbuzi
zakwantuli
zisidle
unyakeni
ogadungileko
umakg
umakghwanyela
umakgwayeja
emkobolo
nani
nguzondani
anjal
nokungasi
zilikhomba
kavelabahlinze
iti
kuthiwa
yendwana
ogadungileo
obekakhona
ezilayitjhiweko
ngizibona
zitshayiwe
khala
nomnta
wu
elimasumi
ethabana
vasfontein
siya
osif
uvaliw
ukuzisiza
idorobha
du
selebakade
kusihlana
walun
ud
ngin
abazali
bakadavi
akuguqweni
kuthandazwe
ukung
ukungathembani
kukahleziphi
nabomrharibakhe
kuzwa
ziguruguruza
izindaba
kanqaza
uge
kha
kuthini
ngentamo
ezimku
lukuluku
nenyawo
wesewul
letjh
wakobona
kuphe
ibhanga
umsebe
zitjhayi
yodwa
limhlazana
qhatjhaza
nany
nebunane
kunomuda
kwabano
nabanakubili
kwabanongqi
kwabanakubili
kwabanomuda
kwabane
umfundisi
owalandelako
william
boyce
wesondo
lamaweseli
yangakwamgidi
rhoboyi
babebafihla
efukuw
sizokubhalelwa
kumphendula
mhlanya
abuyako
asibuza
wathini
okumnan
lokuthom
uzo
ekha
kwaggafontein
leze
ngetjhilani
khewutjele
khawatjhele
owakh
unongqongqotjhe
amazi
wokuhlinzekelwa
neqathu
siyozithengis
mazibuse
ukusiza
nebha
imatjhumi
nesithandat
sphandeni
belfast
ngathandaz
emthi
kunobaye
denniltono
ngibe
nemf
elikhomba
esina
sikam
mhlawulani
sayis
sunduza
kamphakat
thoba
nakhombisa
ukulandelela
ngamathumbu
wasebusika
owahlan
aqo
ngesinqele
emadla
godi
namatorhwanami
ngokwenta
kubaba
bhala
nokuvikela
kan
doornkop
ngen
delmus
nomkhono
asitjhu
amathandathu
ngelan
mhlalesumi
nahlani
aneminyaka
ngingowamandzu
eb
ntangan
eminyakeni
eyikulungwana
ngahlala
ega
kameel
yemaphodlha
lawukghuthula
msinyana
nangeempumu
kufi
okwabonwa
scandinavia
kuhambelana
nomqondo
wezokuki
wezokwenzeka
kwezomphakathi
nezomnotho
wokungam
emzimbe
namahlanu
abang
les
nako
sikamhlawu
hlawulani
sayidula
im
bewuphe
bowuphenjwa
baye
udulek
kuvela
nemal
yafe
njengamakhana
baba
zay
zayokubhuqa
inyamaza
ngamehlo
kwama
kwamagobho
nekhabo
us
empumalanga
ipisi
umzukulwani
angabe
nabomkhulu
bangirhawukele
ezimaz
ngaman
ngamambala
ngizok
giz
kuveza
ngizokuveza
lelize
isandla
singena
eembadeni
zebhrugu
siphump
siphumputha
igwayi
urhoboyi
an
yem
nas
mnyaka
masu
athathu
weendawo
yok
olakala
lesithand
nawubona
esiyozenza
abentwana
bayeqayeqa
bu
kuthoba
bakhawukelwe
ukuthat
sezwa
epholileko
nali
kukunye
kumhlolanj
veza
imiqondo
emumethwe
bumnini
elimini
lesindebele
zilitjhumi
kukhuk
lithob
nakikhu
emum
bun
kumh
hlolanja
namkhulu
njengomfundisi
mtjhana
okube
ngilowo
benziwa
koku
kokunganisana
ngeenhl
ngeenhloko
ungi
warha
sis
zesi
abezembathako
ngiyifetjhen
bazikg
ghonako
susa
kamave
nokunga
ezingaka
wez
epito
emi
ngithokozela
maseko
ngibu
ehlo
obul
bel
behlukaniseka
izigatjana
ilandelwa
wokuhli
utlola
wabantu
jayelekile
kunoma
lesi
ngomu
yase
allemansdrift
bhi
kwatutu
mba
akasatshwenyi
nelize
emthunzaneni
kunu
ngedorobheni
lange
lisumi
yabaseroma
ngentam
ezim
asitutwan
kuno
ikhuno
abayenzi
ngiyenga
wezokusebenzisa
lomli
wamelo
printer
angikatjhadzi
at
lokuhlakanipha
iinlwan
ipha
wezokunghonghoyila
okuzijameleko
ngesima
esimavelede
mavela
ga
kwenqo
siyabusw
nesiquthu
ukhohl
umakhonyeja
ayilungise
ngomuntu
ngekamareni
ok
ekhombako
kus
semahlombe
likh
iziso
buna
selalahle
iinqe
sibili
lamawese
efa
kemptonpark
abagcqina
okhunye
sphil
sirarekile
kroomkrans
carolina
sekalafoni
nabangamaziko
alinge
ukutjela
akukho
okubonakeleko
okonakeleko
neenlwaneni
usom
mnyosi
kwatjhiwo
kwatj
ematjhu
buhlebesizwe
bronkhorstspruit
ngitjhadil
akakayiqe
yeu
bronkhorstsprui
abek
kwamaqongo
emaplas
azisa
sahlaliseki
asikaris
ngizo
ngizozivezela
caroline
usibu
itjhugulu
iim
kwamgidi
aka
ikasi
likamufi
nalo
lidoswa
yikoloyana
ebukisako
eyenziwe
ngerhala
ef
fukwini
kokuthi
varelagte
endwani
emedlhela
wemavusabesala
kwam
esichotjeni
nabu
kufana
sisen
sesingene
isizi
amalembe
ngendlwaneni
ibiko
umazibukwese
awakho
imle
imlenze
liqaqhazi
okubararako
merwel
unamtshwe
nakukhomba
umarhwayeja
ngizakhulu
ngizakukhulumela
agcina
kurhayila
marapyane
hospital
liqathaza
ath
angaka
bayezam
emaqanda
bakhazingele
kukha
nesele
kuhloko
awuthumele
ngokun
nomzana
nekus
yejarada
two
namas
izangiqatha
akhanyisele
epi
ukutjheja
babaj
emaphodlha
wes
abu
lingomhla
oyinkulungwani
yekwarha
amabutho
ay
owathulel
owathulelwa
ohl
weze
wezokwenjis
njiwa
upen
upende
weflo
weflora
iinkululungwana
emakhulwini
ematjhumini
alithobe
nobuna
ange
matyzensloop
abasabonaka
ukup
denillton
seyilayitjhile
kusi
sinyikhaba
newephrovi
bath
lesiyabuswa
adosa
ema
lesithath
bathomeke
sibhedlela
walesisitiga
was
mnyakema
nokuthukiswa
nomthethosisekelo
wan
loya
msinyani
iinlwa
ngingama
udanyeli
akam
mazi
abantabethu
bafanele
bayirhuluphele
iyimbeleko
enoboya
efuthumela
sikamhlalukwana
ngeyesi
ngendli
efun
iimpendu
lingumhla
anyangeni
abune
njengekutana
umatshwayo
ngamanane
volum
nethosi
nenomboro
yamatjhumi
lydenburg
inarha
ebayibiza
kumashishini
ngesisuthu
kheku
sibon
kwetafula
bakadavidi
yin
pitori
ephikisana
kungakhambisana
hlan
kuma
zimathjumi
ngenyanga
mean
not
ngabalethelwa
voelkrans
nazine
kweemvumelwano
kokuba
angatjhadi
aliq
qalaqale
lika
ngingewe
ngubo
amabilli
ngetswayi
nesiwa
kungakho
lobuhlakaniphi
ungahl
nabenzi
enku
wahlomilek
emlandwini
ngibuzobele
atjhumi
langa
ngewabotitjhel
siqabanga
ngoku
angake
lesibil
umukghwana
ngibawa
unga
ngap
ngepele
aku
cullinan
ipendulo
mhlawa
witban
uzafika
asa
germiston
wange
khaya
sase
ngamalunga
ngayithola
bakh
seyiqabange
luth
umqithi
ngizakuzikhulumela
kwanjes
ngufene
ayinamsebenz
hammanskraal
isumi
ivele
ekalafoni
ethno
puplica
mkhozi
ezisele
ukuguqweni
sewuyagul
ephugu
abantwanabethu
obufuthumelako
ubuthankgha
buhla
buhlakanis
buhlukanisa
nemirarejo
qifi
kagotjiwe
nemthl
abazembatha
asikhombisa
liqatjhaz
kwenze
efan
ngikg
lisikhala
ngokurhabe
tshwane
unakabi
yikhul
nob
nenlwaneni
zepoloti
zakosinodolo
khebay
wahlonile
ngibuzelela
ngizokubelethwa
kwanqoth
elibowakgom
wezokus
wezo
ume
nakamathathu
yemirho
ukuwu
sebawa
sebawalayitjhe
unobhala
nasithandath
ngelokuthoma
dorobhen
ana
sihlomelelo
ngikhuma
ntwengubo
hlala
amanesi
umphefumulo
en
ngemvakwe
kutholwe
kukghona
erholwe
yicatjhaza
seke
litjhu
leenkomezo
kwen
kwenlo
kwanikene
nafana
fana
esikhawin
akusatl
nobunaba
urerhe
kukhukhu
lingamatjhumi
khulamungu
kulungwane
sekadilizi
dindizile
olihlawulako
abant
lingaku
akaya
tshadil
ngekulungwana
ngemuva
elimatjhi
yakasinyikhaba
so
ngiziqinisile
kagi
eliveli
uhla
munda
amahl
kwamasumi
zinga
zingasenza
nethobako
wezeemali
umabuse
elilande
ngeembhesi
nokuga
ubongw
okwan
east
london
zakososinondola
sinondolo
kujimsoni
umsiphe
kwabong
ngamadla
usewula
isi
iminyakami
wemavuk
wemavukabes
uyalisa
nilalelwe
khebayilindile
isitatestiki
kunenkomo
ezitjhiye
ezitjhiyileko
ngugalakajana
umkayo
nef
ngimuntwenguba
ulukhul
ikabitini
iink
iinkhwele
nokhunye
nayikulungwana
lit
zigu
umabi
esemakhaya
ngerhalasi
kubayeni
ukuratharatha
siyozithengi
bamkhangi
nokuvik
awathu
endlwane
nahl
sakwasigodo
lingonyaka
if
el
baje
zinon
seladindize
nginom
lezokwamukelwa
kwentela
kheu
bayo
bebayaphoqan
kuthandaz
njengobuq
wonderfontein
njengemo
umrharibabo
khezila
zilayitjhwe
uhlezin
ikomitjhini
yokuhlinzekela
umphakathi
esezisitjhiyileko
olihlawulela
ngombanya
waphunyurha
kurha
sifu
uthin
wesiqhotjeni
elith
thileko
siku
nakuhlanu
nakhom
ngukunye
ngugalakajani
usompera
bangangi
bangangirhawuke
sasise
sas
elimatjhum
nokubili
ethobako
kamphaka
yiqhatjhazi
yiqhatjhaza
oyikungwana
nakithi
zenji
zenjiwe
sobu
kumatjhumi
ingwema
yodwana
kuphi
janson
ekutho
wendaba
kusithandathu
kulikhomba
ngebhesini
zeth
amadoro
ngeenko
soweto
okukghatjiswe
okurhatjiswa
ngesumi
kuyu
wezokuthuthukisa
umasi
umaz
dladla
abazo
aduleka
yabha
sonodolo
siyoz
ziyo
nabang
ngamazi
ngesikhatjhan
trans
taxis
desh
inkulungwane
kabuhlungwana
uzokl
akhenge
ngew
ngewedlame
namal
nalom
kwamhla
iyaphela
selalahlekile
ukubaleka
uyilalel
uyilalelwa
ayi
ankhone
ukudl
iimbuz
nawus
nokulala
kany
neliska
esibuyel
ukuqinisek
abagqina
ngabu
ngabuzwa
yize
kuthandath
ngithi
sisa
rareka
ngeso
sizokub
kanta
kaba
anthological
puplication
kungavulw
khawa
doringkop
ima
imukarisamraro
ekhela
yang
yangen
nambil
ezimakghwakghwatha
izoku
izikutholakala
ngoko
esikolwen
kunga
umnguni
kwalungiselwa
ibhrekufasti
sazithola
enemi
ngalokhu
kunana
asajamileko
uzokuthatha
khukhulamungu
nges
ip
emrhononweni
kukube
ukudo
okukghatj
ebu
ebh
neqanda
nelit
umazilayi
layele
machadodorp
wam
uja
agad
usemtlhalen
ebusika
wathatha
rhaba
rh
lakwa
ukuth
isiphan
imitlolo
zigijimisana
umqaka
nayinamasumi
gauteng
elibizwa
ferndale
elu
iyokuthengisw
adla
khu
lebhetali
njeng
njengamkha
umrharib
owodw
enya
wobukulungwana
kuka
namasilela
ijini
etshwane
emasumame
nakunane
ngingar
usebhund
lifikile
afikile
baziba
hlale
nabangaziko
sengi
uskhosan
imbubulo
igodlana
wesgi
esindebele
limi
zokosos
sosinondolo
ngun
njen
yakwa
ub
residi
yaphe
makhe
amakhezo
uzokuhlakani
sikayise
asize
vu
leli
lelizwe
emabili
mthadlana
njengamtjhana
imhlazana
umhlanga
kuh
uzazi
mhlazintandathu
bangasi
banga
ngiphe
umazila
kwengqondo
matjhuma
wezokwenza
ukura
thara
ifana
mdum
makhulu
nemithandathu
lesithanda
elim
yonke
ebasizayo
ayikhomba
ngomva
ukufu
tjhile
likanom
uke
eyinkulungwana
vo
epumalanga
eval
vaalbank
ngenhlathulu
norwa
tjuti
kancaza
ngirhawukeli
lis
ngonobayeni
imbaw
ngamfuduka
lakaba
akaguq
kukhambelana
njengama
njenganamkhana
njengonjani
pitor
nesis
kwenqon
welverdiend
zikhamba
osifundiso
namezwi
neenlwal
nenlwanlel
ekhomba
kasinyikhaba
kwande
bak
khawule
ngithokozelamakeso
kwanquthuka
ukhukhulamungu
wemavus
uyalal
layelisa
uvali
nawubonak
kile
watjhumi
uyangibuyis
umadibizan
ngumasang
abambe
uyaya
ekufuna
zitjhayiwe
lingetjhumi
enqwa
kuve
kavela
bahlinze
imhluzi
wemavusa
wemav
uye
etafule
esiqweni
laph
wezerhwe
namabululo
keba
iqanda
ivikeleke
yaqomdana
khebayili
lesko
selenyuki
ngamatjhu
wezokuthuthukiswa
ngemehlwe
ifukame
oli
olihlawuli
zamaberegi
bewu
bangakhuthaz
bangakazwisisi
umzukulwanani
ki
uyipongwana
imiq
sizakuthola
endedema
anganelisa
ebese
njengombana
kokuthoma
khawen
khawe
nomasa
ngobana
ning
nai
nemibili
sekadilizile
mal
lesibi
kunqotjhisiwe
enqotjhiswe
ngumasa
jeepies
town
joburg
yika
eside
bangakabuyi
kumasumi
sunnyside
yesinye
lesikhombis
yithala
beyak
ehla
mhlazimasumi
yeminyaka
sephi
iimphu
imphuraphura
midran
koko
okulu
ngise
alanga
lise
zangapha
abak
bekakuthole
kathathu
umule
akwethula
azange
akhulu
yokutholaka
ethi
yelezili
sesiyabuswa
amanz
kwamadlayi
namkhun
mqabango
nakamatjhu
nakalitjhumi
muqa
emarharha
madala
breyten
utjhugulu
utjhuguluko
ayinamsebe
akayaz
garlina
isindebel
umqasana
bagijimi
zehlabathi
wobunane
nekhom
ebunaneni
ine
lin
thlanu
sineka
emrhaleni
libun
amkhulis
boskhosana
bama
owodwo
okiyi
imukasi
imukariso
yokuhlinz
nzekela
nogotjiwe
ozakwenzi
nziwa
seyiqanda
yithan
olande
khipha
ngukhipha
ziyakhomba
amadro
mthambothi
ilitjhumi
sthlanu
iinkom
umseben
sengizibona
uz
eentaben
obulinghono
esiwu
esiwukhomba
basebudisini
womhl
wamhlom
mileko
umnya
liqatjhazana
ningatjh
langepitori
kukobanyana
sikghhona
njengabas
bi
zokubhalelwa
ukubelethwa
delmas
lenaspoti
ngithokozelamakheso
wahlomi
kghona
wakho
wezobul
lungiswa
sin
ngingewengubo
thi
lisehlele
seka
lilokha
nakalisumi
ugij
ngokugande
kangan
umr
kromkrans
kuqot
tjhiswe
sasu
ukubola
umhlo
ukubona
kwezindlu
osendleleni
selala
lokuthomba
aniyila
nanta
lady
selborne
bakana
namtshweni
ngokuthiwa
yindrina
sangemedhlela
nginombo
kuqanda
ngilibo
neenlwana
kusemu
mahlombe
okuna
emqiphi
emqiph
emqiphephepheni
kulungwana
nongqi
khenge
nokubunabisa
siza
ukuyokufunda
wakwamdlul
bonye
nokungani
ezinga
lingentjh
yesi
engusewula
ngavela
lekhulu
malile
kwente
ngingarareki
imigom
ibha
ngitjho
enamatjhumi
umgwengweni
elithobako
iqatjhazi
edisibeze
kwabakhona
bebayo
kwepitori
akh
akasajayelani
kuf
limalanga
nakuhl
isala
nasemnya
ameni
esaku
nefane
ngefane
daba
vlaaglagte
number
nj
ntu
bekuthu
kethlanga
egarankuwa
wokuzi
esiq
weziko
uzakulinga
kubasiwe
ngemgqom
abile
thelwa
mizu
majthumi
ngesiyabu
umong
osifunda
ilize
kuntak
umzulu
kulwana
komezo
ngokwen
ntando
sikhol
ngebronghoro
sitjetjhe
lihlangane
njan
ani
yepitali
obukha
obukhan
mako
ukuphungula
mayelana
ngangatholi
njengespinitjhi
wababo
wabaqotha
kaskhosa
uhloko
zal
emsebenzi
ngobu
aburhiqwa
kasihlabantangana
inamalanga
lobunani
amalu
bonom
ngalo
ekuza
ekuzange
ngiqedi
nginetjhumi
yokubhaqa
saphandhlusela
uphethe
usi
kwamaku
endunwuni
samaf
wesaw
ngimu
ekangal
mun
nginesumi
isiphi
namabi
iza
ngingo
aqophene
emkobol
ebeka
soshanguv
makalisumi
engingo
ngepilwami
umasa
akho
ngokuthatha
waba
vowudi
lonke
zepitoli
ngifuduka
lelibadi
lisahlezi
asab
asikwo
singenzani
ngithokozamakeso
wahlo
bonke
ngibuza
bafike
kaqoli
kamqoli
sim
amadorojana
akazalisi
ekhiwe
ele
esi
abuze
amat
akusa
ngekhe
angakatjhat
malilinye
ngumngwengweni
pieterskraal
bethal
sebawatjhiyile
amkhulise
sorry
yen
neminane
tjhuma
kuminyaka
ngukhule
semtatweni
ngewakwam
ngwakwamkhwebani
umrheledzwana
mzu
ngonobay
nobayeni
kukulungwana
eziga
gandelela
ukulwa
lingumhlawamasumi
sabwa
emtholampilo
kwaphahla
amabhontjisi
sahlala
yik
likhululu
esiyo
asternoid
yangasesiyabus
mqabang
sikuval
nginamasum
imiz
ngangi
bonakele
ihli
eduzane
nepitori
iinyanga
epretori
zingamalanga
wamatjhumi
sithandat
nineteen
seventy
five
letho
seng
alikho
awakhiphe
ngesik
ngesikhum
uduleka
kwenhliziyo
namkhu
asithanda
al
angikathathi
yemagomedzana
iinda
ekufanele
amatjhuni
eyiko
nogh
sesilithi
waz
esenzweni
sese
nakungewekulungwana
alitho
ukufuz
namaseka
sebawol
sebawolitjhiyile
kwabanele
nelange
zikamgobha
zikamzoba
usibize
nezomno
len
imuk
wesewu
nabafu
yis
buhlunganiseka
amal
ukusenga
